// Jest Snapshot v1, https://goo.gl/fbAQLP

exports[`Sidebar Component should match snapshot 1`] = `
<DocumentFragment>
  <ul
    class="px-[30px]"
  >
    <li
      class="py-2 px-4 text-sm w-[220px] h-[54px] rounded-[15px] font-bold text-base mb-3 bg-white text-dark flex items-center cursor-pointer"
    >
      <a
        class="flex items-center gap-4"
        href="#"
      >
        <div
          class="rt-Box flex items-center justify-center w-[30px] h-[30px] rounded-xl border drop-shadow-[0px_3.5px_5.5px_0px_#00000005] bg-primary border-primary"
        >
          <svg
            fill="#4fd1c5"
            height="16"
            width="15"
            xmlns="http://www.w3.org/2000/svg"
          >
            <g
              clip-path="url(#a)"
              fill="#fff"
            >
              <path
                d="M7.663 3.468a.234.234 0 0 0-.324 0L1.945 8.62a.234.234 0 0 0-.072.17l-.001 4.835a.938.938 0 0 0 .937.938h2.816a.469.469 0 0 0 .469-.469V10.11a.234.234 0 0 1 .234-.235h2.344a.234.234 0 0 1 .234.235v3.984a.469.469 0 0 0 .469.469h2.814a.937.937 0 0 0 .938-.938V8.79a.232.232 0 0 0-.073-.17L7.663 3.468Z"
              />
              <path
                d="m14.382 7.654-2.191-2.097V2.376a.469.469 0 0 0-.469-.469h-1.406a.469.469 0 0 0-.469.469v.937L8.15 1.691a.912.912 0 0 0-.65-.253.91.91 0 0 0-.648.253L.62 7.653a.478.478 0 0 0-.04.656.469.469 0 0 0 .68.03l6.08-5.808a.234.234 0 0 1 .323 0l6.08 5.809a.469.469 0 0 0 .662-.013.48.48 0 0 0-.023-.673Z"
              />
            </g>
            <defs>
              <clippath
                id="a"
              >
                <path
                  d="M0 .5h15v15H0z"
                  fill="#fff"
                />
              </clippath>
            </defs>
          </svg>
        </div>
        <span
          class="text-xs leading-base"
        >
          Dashboard
        </span>
      </a>
    </li>
    <li
      class="py-2 px-4 text-sm w-[220px] h-[54px] rounded-[15px] font-bold text-base mb-3 "
    >
      <a
        class="flex items-center gap-4"
        href="#"
      >
        <div
          class="rt-Box flex items-center justify-center w-[30px] h-[30px] rounded-xl border drop-shadow-[0px_3.5px_5.5px_0px_#00000005] bg-white border-white"
        >
          <svg
            fill="none"
            height="16"
            width="15"
            xmlns="http://www.w3.org/2000/svg"
          >
            <g
              clip-path="url(#a)"
              fill="#4fd1c5"
            >
              <path
                d="M3.047 15.032h-.938a.703.703 0 0 1-.703-.704V10.11a.703.703 0 0 1 .703-.703h.938a.703.703 0 0 1 .703.703v4.219a.703.703 0 0 1-.703.703ZM9.61 15.03h-.938a.703.703 0 0 1-.703-.702V7.296a.703.703 0 0 1 .703-.703h.937a.703.703 0 0 1 .703.703v7.032a.703.703 0 0 1-.703.703ZM12.89 15.031h-.937a.703.703 0 0 1-.703-.703V4.015a.703.703 0 0 1 .703-.703h.938a.703.703 0 0 1 .703.704v10.312a.703.703 0 0 1-.703.703ZM6.328 15.031h-.937a.703.703 0 0 1-.704-.703V1.672a.703.703 0 0 1 .704-.703h.937a.703.703 0 0 1 .703.703v12.656a.703.703 0 0 1-.703.703Z"
              />
            </g>
            <defs>
              <clippath
                id="a"
              >
                <path
                  d="M0 .5h15v15H0z"
                  fill="#fff"
                />
              </clippath>
            </defs>
          </svg>
        </div>
        <span
          class="text-xs leading-base"
        >
          Tables
        </span>
      </a>
    </li>
    <li
      class="py-2 px-4 text-sm w-[220px] h-[54px] rounded-[15px] font-bold text-base mb-3 "
    >
      <a
        class="flex items-center gap-4"
        href="#"
      >
        <div
          class="rt-Box flex items-center justify-center w-[30px] h-[30px] rounded-xl border drop-shadow-[0px_3.5px_5.5px_0px_#00000005] bg-white border-white"
        >
          <svg
            fill="none"
            height="16"
            width="15"
            xmlns="http://www.w3.org/2000/svg"
          >
            <g
              clip-path="url(#a)"
              fill="#4fd1c5"
            >
              <path
                d="M.937 11.515a1.64 1.64 0 0 0 1.641 1.64h9.844a1.641 1.641 0 0 0 1.64-1.64V7.004H.937v4.511ZM2.871 9.29a.879.879 0 0 1 .879-.88h1.406a.879.879 0 0 1 .88.88v.586a.879.879 0 0 1-.88.879H3.75a.879.879 0 0 1-.879-.88V9.29ZM12.422 2.843H2.578a1.64 1.64 0 0 0-1.64 1.64v.762h13.124v-.761a1.64 1.64 0 0 0-1.64-1.641Z"
              />
            </g>
            <defs>
              <clippath
                id="a"
              >
                <path
                  d="M0 .5h15v15H0z"
                  fill="#fff"
                />
              </clippath>
            </defs>
          </svg>
        </div>
        <span
          class="text-xs leading-base"
        >
          Billing
        </span>
      </a>
    </li>
    <li
      class="py-2 px-4 text-sm w-[220px] h-[54px] rounded-[15px] font-bold text-base mb-3 "
    >
      <a
        class="flex items-center gap-4"
        href="#"
      >
        <div
          class="rt-Box flex items-center justify-center w-[30px] h-[30px] rounded-xl border drop-shadow-[0px_3.5px_5.5px_0px_#00000005] bg-white border-white"
        >
          <svg
            fill="none"
            height="16"
            width="15"
            xmlns="http://www.w3.org/2000/svg"
          >
            <g
              clip-path="url(#a)"
            >
              <path
                d="M13.757 4.031a.468.468 0 0 0-.749-.117l-1.8 1.801a.472.472 0 0 1-.663 0l-.778-.779a.469.469 0 0 1 0-.663L11.56 2.48a.468.468 0 0 0-.14-.759c-1.354-.605-3.044-.29-4.11.768-.905.9-1.175 2.304-.74 3.854a.466.466 0 0 1-.13.468l-4.878 4.455a1.88 1.88 0 1 0 2.654 2.655l4.502-4.888A.466.466 0 0 1 9.18 8.9c.442.121.897.184 1.355.187.978 0 1.837-.317 2.456-.927 1.147-1.13 1.322-3.047.766-4.128Zm-10.842 9.57a.937.937 0 1 1-.203-1.864.937.937 0 0 1 .203 1.864Z"
                fill="#4fd1c5"
              />
            </g>
            <defs>
              <clippath
                id="a"
              >
                <path
                  d="M0 .5h15v15H0z"
                  fill="#fff"
                />
              </clippath>
            </defs>
          </svg>
        </div>
        <span
          class="text-xs leading-base"
        >
          RTL
        </span>
      </a>
    </li>
    <li
      class="font-bold py-6 px-4 dark:text-light"
    >
      ACCOUNT PAGES
    </li>
    <li
      class="py-2 px-4 text-sm w-[220px] h-[54px] rounded-[15px] font-bold text-base mb-3 "
    >
      <a
        class="flex items-center gap-4"
        href="#"
      >
        <div
          class="rt-Box flex items-center justify-center w-[30px] h-[30px] rounded-xl border drop-shadow-[0px_3.5px_5.5px_0px_#00000005] bg-white border-white"
        >
          <svg
            fill="none"
            height="16"
            width="15"
            xmlns="http://www.w3.org/2000/svg"
          >
            <path
              d="M9.745 2.392c-.57-.616-1.366-.955-2.245-.955-.884 0-1.683.337-2.25.949-.574.618-.853 1.459-.788 2.367C4.592 6.543 5.955 8 7.5 8c1.545 0 2.905-1.457 3.037-3.247.067-.9-.215-1.738-.792-2.361ZM12.656 14.562H2.344a.908.908 0 0 1-.71-.326 1.035 1.035 0 0 1-.21-.853c.248-1.372 1.02-2.524 2.232-3.333C4.734 9.332 6.1 8.937 7.5 8.937c1.401 0 2.766.395 3.844 1.113 1.213.808 1.984 1.96 2.232 3.332.056.315-.02.626-.21.853a.908.908 0 0 1-.71.327Z"
              fill="#4fd1c5"
            />
          </svg>
        </div>
        <span
          class="text-xs leading-base"
        >
          Profile
        </span>
      </a>
    </li>
    <li
      class="py-2 px-4 text-sm w-[220px] h-[54px] rounded-[15px] font-bold text-base mb-3 "
    >
      <a
        class="flex items-center gap-4"
        href="/signin"
      >
        <div
          class="rt-Box flex items-center justify-center w-[30px] h-[30px] rounded-xl border drop-shadow-[0px_3.5px_5.5px_0px_#00000005] bg-white border-white"
        >
          <svg
            fill="none"
            height="16"
            width="15"
            xmlns="http://www.w3.org/2000/svg"
          >
            <path
              d="M12.539 7.063H8.437a1.406 1.406 0 0 1-1.406-1.407V1.555a.117.117 0 0 0-.117-.117H4.219a1.875 1.875 0 0 0-1.875 1.875v9.375a1.875 1.875 0 0 0 1.875 1.875h6.562a1.875 1.875 0 0 0 1.875-1.875V7.18a.117.117 0 0 0-.117-.117Z"
              fill="#4fd1c5"
            />
            <path
              d="M12.282 6.026 8.069 1.813a.059.059 0 0 0-.1.041v3.803a.469.469 0 0 0 .468.469h3.804a.059.059 0 0 0 .04-.1Z"
              fill="#4fd1c5"
            />
          </svg>
        </div>
        <span
          class="text-xs leading-base"
        >
          Sign In
        </span>
      </a>
    </li>
    <li
      class="py-2 px-4 text-sm w-[220px] h-[54px] rounded-[15px] font-bold text-base mb-3 "
    >
      <a
        class="flex items-center gap-4"
        href="/signup"
      >
        <div
          class="rt-Box flex items-center justify-center w-[30px] h-[30px] rounded-xl border drop-shadow-[0px_3.5px_5.5px_0px_#00000005] bg-white border-white"
        >
          <svg
            fill="none"
            height="16"
            width="15"
            xmlns="http://www.w3.org/2000/svg"
          >
            <g
              clip-path="url(#a)"
              fill="#4fd1c5"
            >
              <path
                d="M13.993 1.622a.139.139 0 0 0-.104-.108c-1.716-.42-5.68 1.076-7.828 3.223-.384.38-.733.793-1.044 1.233-.663-.058-1.325-.01-1.89.237-1.592.7-2.056 2.53-2.185 3.317a.282.282 0 0 0 .309.328l2.558-.282c.001.193.013.386.034.577a.572.572 0 0 0 .167.352l.99.988a.574.574 0 0 0 .352.167c.191.021.383.033.574.035l-.28 2.555a.283.283 0 0 0 .328.309c.785-.126 2.618-.59 3.315-2.183.246-.564.296-1.224.24-1.883.441-.311.855-.66 1.236-1.044 2.155-2.144 3.641-6.02 3.228-7.821ZM8.615 6.885a1.406 1.406 0 1 1 1.988-1.989 1.406 1.406 0 0 1-1.988 1.99Z"
              />
              <path
                d="M4.934 12.203c-.161.16-.418.223-.728.277a1.026 1.026 0 0 1-1.187-1.187c.048-.267.19-.641.277-.729a.128.128 0 0 0-.107-.218c-.39.047-.751.224-1.029.501-.689.69-.754 3.248-.754 3.248s2.56-.066 3.248-.755c.279-.277.455-.64.502-1.03.011-.122-.138-.195-.222-.107Z"
              />
            </g>
            <defs>
              <clippath
                id="a"
              >
                <path
                  d="M0 .5h15v15H0z"
                  fill="#fff"
                />
              </clippath>
            </defs>
          </svg>
        </div>
        <span
          class="text-xs leading-base"
        >
          Sign Up
        </span>
      </a>
    </li>
  </ul>
  <div
    class="rt-Box bg-primary w-[218px] py-4 px-4 border border-primary rounded-[15px] m-auto mt-16 text-white"
  >
    <div
      class="rt-Box flex items-center justify-center w-[30px] h-[30px] rounded-xl border drop-shadow-[0px_3.5px_5.5px_0px_#00000005] bg-white border-white"
    >
      <svg
        fill="none"
        height="18"
        width="18"
        xmlns="http://www.w3.org/2000/svg"
      >
        <path
          d="M9 0C4.031 0 0 4.031 0 9s4.031 9 9 9 9-4.031 9-9-4.031-9-9-9Zm-.281 14.25a.938.938 0 1 1 0-1.875.938.938 0 0 1 0 1.875Zm1.567-4.781c-.76.51-.864.977-.864 1.406a.656.656 0 1 1-1.313 0c0-1.027.473-1.844 1.445-2.497.904-.606 1.415-.99 1.415-1.836 0-.574-.328-1.01-1.008-1.334-.16-.076-.515-.15-.953-.145-.55.007-.976.139-1.305.403-.62.499-.672 1.042-.672 1.05a.657.657 0 0 1-1.312-.064c.005-.114.084-1.14 1.16-2.006.56-.449 1.27-.682 2.11-.693.596-.007 1.155.094 1.534.273 1.135.537 1.758 1.432 1.758 2.516 0 1.586-1.06 2.298-1.995 2.927Z"
          fill="#4FD1C5"
        />
      </svg>
    </div>
    <p
      class="rt-Text rt-r-weight-bold text-sm font-bold mt-5"
    >
      Need help?
    </p>
    <p
      class="rt-Text rt-r-weight-regular text-xs mb-[9px]"
    >
      Please check our docs
    </p>
    <button
      class="rt-reset rt-BaseButton rt-r-size-2 rt-variant-solid rt-Button  
    px-[22px] py-2.5 font-bold rounded-xl link cursor-pointer
   undefined"
      data-accent-color=""
    >
      DOCUMENTATION
    </button>
  </div>
</DocumentFragment>
`;
